{"file":"examples/mnoga/index.spec.ts","matches":[{"ident":{"content":"t","node":{"kind":"property_identifier","start_byte":1462,"end_byte":1463,"start_position":{"row":60,"column":27},"end_position":{"row":60,"column":28}}},"key":{"content":"app.pluralize","node":{"kind":"string_fragment","start_byte":1465,"end_byte":1478,"start_position":{"row":60,"column":30},"end_position":{"row":60,"column":43}}}},{"ident":{"content":"t","node":{"kind":"property_identifier","start_byte":1552,"end_byte":1553,"start_position":{"row":62,"column":26},"end_position":{"row":62,"column":27}}},"key":{"content":"app.pluralize","node":{"kind":"string_fragment","start_byte":1555,"end_byte":1568,"start_position":{"row":62,"column":29},"end_position":{"row":62,"column":42}}}},{"ident":{"content":"t","node":{"kind":"property_identifier","start_byte":2004,"end_byte":2005,"start_position":{"row":79,"column":27},"end_position":{"row":79,"column":28}}},"key":{"content":"app.pluralize","node":{"kind":"string_fragment","start_byte":2007,"end_byte":2020,"start_position":{"row":79,"column":30},"end_position":{"row":79,"column":43}}}},{"ident":{"content":"t","node":{"kind":"property_identifier","start_byte":2097,"end_byte":2098,"start_position":{"row":81,"column":26},"end_position":{"row":81,"column":27}}},"key":{"content":"app.pluralize","node":{"kind":"string_fragment","start_byte":2100,"end_byte":2113,"start_position":{"row":81,"column":29},"end_position":{"row":81,"column":42}}}},{"ident":{"content":"t","node":{"kind":"property_identifier","start_byte":8899,"end_byte":8900,"start_position":{"row":316,"column":19},"end_position":{"row":316,"column":20}}},"key":{"content":"app.label","node":{"kind":"string_fragment","start_byte":8902,"end_byte":8911,"start_position":{"row":316,"column":22},"end_position":{"row":316,"column":31}}}},{"ident":{"content":"t","node":{"kind":"property_identifier","start_byte":9016,"end_byte":9017,"start_position":{"row":320,"column":19},"end_position":{"row":320,"column":20}}},"key":{"content":"app.label","node":{"kind":"string_fragment","start_byte":9019,"end_byte":9028,"start_position":{"row":320,"column":22},"end_position":{"row":320,"column":31}}}},{"ident":{"content":"t","node":{"kind":"property_identifier","start_byte":9154,"end_byte":9155,"start_position":{"row":324,"column":19},"end_position":{"row":324,"column":20}}},"key":{"content":"app.pluralize","node":{"kind":"string_fragment","start_byte":9157,"end_byte":9170,"start_position":{"row":324,"column":22},"end_position":{"row":324,"column":35}}}},{"ident":{"content":"t","node":{"kind":"property_identifier","start_byte":9225,"end_byte":9226,"start_position":{"row":325,"column":19},"end_position":{"row":325,"column":20}}},"key":{"content":"app.pluralize","node":{"kind":"string_fragment","start_byte":9228,"end_byte":9241,"start_position":{"row":325,"column":22},"end_position":{"row":325,"column":35}}}},{"ident":{"content":"t","node":{"kind":"property_identifier","start_byte":9387,"end_byte":9388,"start_position":{"row":330,"column":19},"end_position":{"row":330,"column":20}}},"key":{"content":"app.label","node":{"kind":"string_fragment","start_byte":9390,"end_byte":9399,"start_position":{"row":330,"column":22},"end_position":{"row":330,"column":31}}}},{"ident":{"content":"t","node":{"kind":"property_identifier","start_byte":9533,"end_byte":9534,"start_position":{"row":335,"column":19},"end_position":{"row":335,"column":20}}},"key":{"content":"app.pluralize","node":{"kind":"string_fragment","start_byte":9536,"end_byte":9549,"start_position":{"row":335,"column":22},"end_position":{"row":335,"column":35}}}},{"ident":{"content":"t","node":{"kind":"property_identifier","start_byte":9606,"end_byte":9607,"start_position":{"row":336,"column":19},"end_position":{"row":336,"column":20}}},"key":{"content":"app.pluralize","node":{"kind":"string_fragment","start_byte":9609,"end_byte":9622,"start_position":{"row":336,"column":22},"end_position":{"row":336,"column":35}}}},{"ident":{"content":"t","node":{"kind":"property_identifier","start_byte":9777,"end_byte":9778,"start_position":{"row":341,"column":19},"end_position":{"row":341,"column":20}}},"key":{"content":"app.interpolate","node":{"kind":"string_fragment","start_byte":9780,"end_byte":9795,"start_position":{"row":341,"column":22},"end_position":{"row":341,"column":37}}}},{"ident":{"content":"t","node":{"kind":"property_identifier","start_byte":9846,"end_byte":9847,"start_position":{"row":342,"column":19},"end_position":{"row":342,"column":20}}},"key":{"content":"app.interpolate","node":{"kind":"string_fragment","start_byte":9849,"end_byte":9864,"start_position":{"row":342,"column":22},"end_position":{"row":342,"column":37}}}},{"ident":{"content":"t","node":{"kind":"property_identifier","start_byte":10012,"end_byte":10013,"start_position":{"row":346,"column":19},"end_position":{"row":346,"column":20}}},"key":{"content":"app.no.string","node":{"kind":"string_fragment","start_byte":10015,"end_byte":10028,"start_position":{"row":346,"column":22},"end_position":{"row":346,"column":35}}}},{"ident":{"content":"t","node":{"kind":"property_identifier","start_byte":10136,"end_byte":10137,"start_position":{"row":350,"column":19},"end_position":{"row":350,"column":20}}},"key":{"content":"app.label","node":{"kind":"string_fragment","start_byte":10139,"end_byte":10148,"start_position":{"row":350,"column":22},"end_position":{"row":350,"column":31}}}},{"ident":{"content":"t","node":{"kind":"property_identifier","start_byte":10269,"end_byte":10270,"start_position":{"row":354,"column":19},"end_position":{"row":354,"column":20}}},"key":{"content":"app.label","node":{"kind":"string_fragment","start_byte":10272,"end_byte":10281,"start_position":{"row":354,"column":22},"end_position":{"row":354,"column":31}}}},{"ident":{"content":"t","node":{"kind":"property_identifier","start_byte":10481,"end_byte":10482,"start_position":{"row":359,"column":19},"end_position":{"row":359,"column":20}}},"key":{"content":"app.no.string","node":{"kind":"string_fragment","start_byte":10484,"end_byte":10497,"start_position":{"row":359,"column":22},"end_position":{"row":359,"column":35}}}},{"ident":{"content":"t","node":{"kind":"property_identifier","start_byte":10674,"end_byte":10675,"start_position":{"row":364,"column":19},"end_position":{"row":364,"column":20}}},"key":{"content":"app.no.string","node":{"kind":"string_fragment","start_byte":10677,"end_byte":10690,"start_position":{"row":364,"column":22},"end_position":{"row":364,"column":35}}}},{"ident":{"content":"t","node":{"kind":"property_identifier","start_byte":10843,"end_byte":10844,"start_position":{"row":369,"column":19},"end_position":{"row":369,"column":20}}},"key":{"content":"key","node":{"kind":"string_fragment","start_byte":10846,"end_byte":10849,"start_position":{"row":369,"column":22},"end_position":{"row":369,"column":25}}}},{"ident":{"content":"t","node":{"kind":"property_identifier","start_byte":11003,"end_byte":11004,"start_position":{"row":374,"column":19},"end_position":{"row":374,"column":20}}},"key":{"content":"key.context","node":{"kind":"string_fragment","start_byte":11006,"end_byte":11017,"start_position":{"row":374,"column":22},"end_position":{"row":374,"column":33}}}}]}
